// Vitest Snapshot v1, https://vitest.dev/guide/snapshot.html

exports[`authority run engine > follows one stable exit-to-wave-to-level-to-augment table across all six biomes 1`] = `
[
  {
    "augmentChoices": [
      "bulwark",
      "vitality_boost",
      "iron_skin",
    ],
    "biomeIndex": 1,
    "nodeId": "node_top_lane_9",
    "runLevel": 2,
    "totalCompleted": 2,
    "wave": 3,
  },
  {
    "augmentChoices": [
      "brute_force",
      "sorcery_supreme",
      "critical_focus",
    ],
    "biomeIndex": 2,
    "nodeId": "node_jungle_18",
    "runLevel": 3,
    "totalCompleted": 5,
    "wave": 6,
  },
  {
    "augmentChoices": [
      "iron_skin",
      "brute_force",
      "warlord",
    ],
    "biomeIndex": 3,
    "nodeId": "node_mid_lane_6",
    "runLevel": 4,
    "totalCompleted": 8,
    "wave": 9,
  },
  {
    "augmentChoices": [
      "arcane_mind",
      "vitality_boost",
      "glass_cannon",
    ],
    "biomeIndex": 4,
    "nodeId": "node_bot_lane_13",
    "runLevel": 5,
    "totalCompleted": 12,
    "wave": 13,
  },
  {
    "augmentChoices": [
      "iron_skin",
      "brute_force",
      "arcane_mind",
    ],
    "biomeIndex": 5,
    "nodeId": "node_river_7",
    "runLevel": 6,
    "totalCompleted": 14,
    "wave": 15,
  },
]
`;
